Multiple Exceptions Thrown:
 #1): Error
 #2): Error